flutter : Package file_picker:linux references 
file_picker:linux as the default plugin, but it does 
not provide an inline implementation.
Au caractère Ligne:1 : 1
+ flutter build apk --debug 2>&1 | Out-File -FilePath 
build_errors.txt
+ ~~~~~~~~~~~~~~~~~~~~~~~~~~~~~~
    + CategoryInfo          : NotSpecified: (Package  
   file_pi...implementation.:String) [], RemoteExcep  
  tion
    + FullyQualifiedErrorId : NativeCommandError
 
Ask the maintainers of file_picker to either avoid 
referencing a default implementation via `platforms: 
linux: default_package: file_picker` or add an inline 
implementation to file_picker via `platforms: linux:` 
`pluginClass` or `dartPluginClass`.

Package file_picker:macos references 
file_picker:macos as the default plugin, but it does 
not provide an inline implementation.
Ask the maintainers of file_picker to either avoid 
referencing a default implementation via `platforms: 
macos: default_package: file_picker` or add an inline 
implementation to file_picker via `platforms: macos:` 
`pluginClass` or `dartPluginClass`.

Package file_picker:windows references 
file_picker:windows as the default plugin, but it 
does not provide an inline implementation.
Ask the maintainers of file_picker to either avoid 
referencing a default implementation via `platforms: 
windows: default_package: file_picker` or add an 
inline implementation to file_picker via `platforms: 
windows:` `pluginClass` or `dartPluginClass`.

Package file_picker:linux references 
file_picker:linux as the default plugin, but it does 
not provide an inline implementation.
Ask the maintainers of file_picker to either avoid 
referencing a default implementation via `platforms: 
linux: default_package: file_picker` or add an inline 
implementation to file_picker via `platforms: linux:` 
`pluginClass` or `dartPluginClass`.

Package file_picker:macos references 
file_picker:macos as the default plugin, but it does 
not provide an inline implementation.
Ask the maintainers of file_picker to either avoid 
referencing a default implementation via `platforms: 
macos: default_package: file_picker` or add an inline 
implementation to file_picker via `platforms: macos:` 
`pluginClass` or `dartPluginClass`.

Package file_picker:windows references 
file_picker:windows as the default plugin, but it 
does not provide an inline implementation.
Ask the maintainers of file_picker to either avoid 
referencing a default implementation via `platforms: 
windows: default_package: file_picker` or add an 
inline implementation to file_picker via `platforms: 
windows:` `pluginClass` or `dartPluginClass`.

Package file_picker:linux references 
file_picker:linux as the default plugin, but it does 
not provide an inline implementation.
Ask the maintainers of file_picker to either avoid 
referencing a default implementation via `platforms: 
linux: default_package: file_picker` or add an inline 
implementation to file_picker via `platforms: linux:` 
`pluginClass` or `dartPluginClass`.

Package file_picker:macos references 
file_picker:macos as the default plugin, but it does 
not provide an inline implementation.
Ask the maintainers of file_picker to either avoid 
referencing a default implementation via `platforms: 
macos: default_package: file_picker` or add an inline 
implementation to file_picker via `platforms: macos:` 
`pluginClass` or `dartPluginClass`.

Package file_picker:windows references 
file_picker:windows as the default plugin, but it 
does not provide an inline implementation.
Ask the maintainers of file_picker to either avoid 
referencing a default implementation via `platforms: 
windows: default_package: file_picker` or add an 
inline implementation to file_picker via `platforms: 
windows:` `pluginClass` or `dartPluginClass`.


Support for Android x86 targets will be removed in 
the next stable release after 3.27. See 
https://github.com/flutter/flutter/issues/157543 for 
details.
Running Gradle task 'assembleDebug'...                          
lib/services/save_migration_service.dart:8:8: Error: 
Error when reading 
'lib/services/storage_constants.dart': Le fichier 
sp´┐¢cifi´┐¢ est introuvable.

import 'storage_constants.dart';
       ^
lib/services/auto_save_service.dart:15:8: Error: 
Error when reading 
'lib/services/storage_constants.dart': Le fichier 
sp´┐¢cifi´┐¢ est introuvable.

import 'storage_constants.dart';
       ^
lib/managers/production_manager.dart:18:9: Error: 
Type 'LevelSystem' not found.
  final LevelSystem _levelSystem;
        ^^^^^^^^^^^
lib/managers/production_manager.dart:32:3: Error: 
Type 'LevelSystem' not found.
  LevelSystem get level => _levelSystem;
  ^^^^^^^^^^^
lib/managers/production_manager.dart:38:14: Error: 
Type 'LevelSystem' not found.
    required LevelSystem levelSystem,
             ^^^^^^^^^^^
lib/services/save_migration_service.dart:13:41: 
Error: Undefined name 'StorageConstants'.
  static const String OLD_SAVE_PREFIX = 
StorageConstants.SAVE_PREFIX;
                                        
^^^^^^^^^^^^^^^^
lib/services/save_migration_service.dart:16:53: 
Error: Undefined name 'StorageConstants'.
  static const String CURRENT_SAVE_FORMAT_VERSION = 
StorageConstants.CURRENT_SAVE_FORMAT_VERSION;
                                                    
^^^^^^^^^^^^^^^^
lib/models/game_state.dart:917:20: Error: The method 
'purchaseAutoclipper' isn't defined for the class 
'PlayerManager'.
 - 'PlayerManager' is from 
'package:paperclip2/managers/player_manager.dart' 
('lib/managers/player_manager.dart').
Try correcting the name to the name of an existing 
method, or defining a method named 
'purchaseAutoclipper'.
    _playerManager.purchaseAutoclipper();
                   ^^^^^^^^^^^^^^^^^^^
lib/screens/new_metal_production_screen.dart:50:43: 
Error: The getter 'missionSystem' isn't defined for 
the class 'GameState'.
 - 'GameState' is from 
'package:paperclip2/models/game_state.dart' 
('lib/models/game_state.dart').
Try correcting the name to the name of an existing 
getter, or defining a getter or field named 
'missionSystem'.
    bool allMissionsCompleted = 
gameState.missionSystem.dailyMissions
                                          
^^^^^^^^^^^^^
lib/screens/new_metal_production_screen.dart:95:34: 
Error: The getter 'missionSystem' isn't defined for 
the class 'GameState'.
 - 'GameState' is from 
'package:paperclip2/models/game_state.dart' 
('lib/models/game_state.dart').
Try correcting the name to the name of an existing 
getter, or defining a getter or field named 
'missionSystem'.
                    ...gameState.missionSystem.dailyMi
ssions.map((mission) =>
                                 ^^^^^^^^^^^^^
lib/managers/market_manager.dart:136:44: Error: 
Member not found: 'MIN_METAL_PRICE'.
  double _marketMetalPrice = 
GameConstants.MIN_METAL_PRICE;
                                           
^^^^^^^^^^^^^^^
lib/managers/market_manager.dart:180:71: Error: 
Member not found: 'MIN_METAL_PRICE'.
    double priceRange = GameConstants.MAX_METAL_PRICE 
- GameConstants.MIN_METAL_PRICE;
                                                      
                ^^^^^^^^^^^^^^^
lib/managers/market_manager.dart:180:39: Error: 
Member not found: 'MAX_METAL_PRICE'.
    double priceRange = GameConstants.MAX_METAL_PRICE 
- GameConstants.MIN_METAL_PRICE;
                                      ^^^^^^^^^^^^^^^
lib/managers/market_manager.dart:182:39: Error: 
Member not found: 'MAX_METAL_PRICE'.
    _marketMetalPrice = GameConstants.MAX_METAL_PRICE 
- (stockRatio * priceRange);
                                      ^^^^^^^^^^^^^^^
lib/managers/market_manager.dart:184:43: Error: 
Member not found: 'MIN_METAL_PRICE'.
    if (_marketMetalPrice < 
GameConstants.MIN_METAL_PRICE) {
                                          
^^^^^^^^^^^^^^^
lib/managers/market_manager.dart:185:41: Error: 
Member not found: 'MIN_METAL_PRICE'.
      _marketMetalPrice = 
GameConstants.MIN_METAL_PRICE;
                                        
^^^^^^^^^^^^^^^
lib/managers/market_manager.dart:186:50: Error: 
Member not found: 'MAX_METAL_PRICE'.
    } else if (_marketMetalPrice > 
GameConstants.MAX_METAL_PRICE) {
                                                 
^^^^^^^^^^^^^^^
lib/managers/market_manager.dart:187:41: Error: 
Member not found: 'MAX_METAL_PRICE'.
      _marketMetalPrice = 
GameConstants.MAX_METAL_PRICE;
                                        
^^^^^^^^^^^^^^^
lib/managers/market_manager.dart:450:39: Error: 
Member not found: 'MIN_METAL_PRICE'.
    _marketMetalPrice = GameConstants.MIN_METAL_PRICE;
                                      ^^^^^^^^^^^^^^^
lib/managers/market_manager.dart:473:89: Error: 
Member not found: 'MIN_METAL_PRICE'.
    _marketMetalPrice = (json['marketMetalPrice'] as 
num?)?.toDouble() ?? GameConstants.MIN_METAL_PRICE;
                                                      
                                  ^^^^^^^^^^^^^^^
lib/services/auto_save_service.dart:76:52: Error: The 
getter 'StorageConstants' isn't defined for the class 
'AutoSaveService'.
 - 'AutoSaveService' is from 
'package:paperclip2/services/auto_save_service.dart' 
('lib/services/auto_save_service.dart').
Try correcting the name to the name of an existing 
getter, or defining a getter or field named 
'StorageConstants'.
      final backupName = '${_gameState.gameName!}${Sto
rageConstants.BACKUP_DELIMITER}${DateTime.now().millis
econdsSinceEpoch}';
                                                   
^^^^^^^^^^^^^^^^
lib/services/auto_save_service.dart:105:30: Error: 
The getter 'StorageConstants' isn't defined for the 
class 'AutoSaveService'.
 - 'AutoSaveService' is from 
'package:paperclip2/services/auto_save_service.dart' 
('lib/services/auto_save_service.dart').
Try correcting the name to the name of an existing 
getter, or defining a getter or field named 
'StorageConstants'.
          save.name.contains(StorageConstants.BACKUP_D
ELIMITER)).toList();
                             ^^^^^^^^^^^^^^^^
lib/services/auto_save_service.dart:170:31: Error: 
The getter 'StorageConstants' isn't defined for the 
class 'AutoSaveService'.
 - 'AutoSaveService' is from 
'package:paperclip2/services/auto_save_service.dart' 
('lib/services/auto_save_service.dart').
Try correcting the name to the name of an existing 
getter, or defining a getter or field named 
'StorageConstants'.
          !save.name.contains(StorageConstants.BACKUP_
DELIMITER)) {
                              ^^^^^^^^^^^^^^^^
lib/services/auto_save_service.dart:182:52: Error: 
The getter 'StorageConstants' isn't defined for the 
class 'AutoSaveService'.
 - 'AutoSaveService' is from 
'package:paperclip2/services/auto_save_service.dart' 
('lib/services/auto_save_service.dart').
Try correcting the name to the name of an existing 
getter, or defining a getter or field named 
'StorageConstants'.
      final backupName = '${_gameState.gameName!}${Sto
rageConstants.BACKUP_DELIMITER}${DateTime.now().millis
econdsSinceEpoch}';
                                                   
^^^^^^^^^^^^^^^^
lib/managers/production_manager.dart:18:9: Error: 
'LevelSystem' isn't a type.
  final LevelSystem _levelSystem;
        ^^^^^^^^^^^
lib/managers/production_manager.dart:38:14: Error: 
'LevelSystem' isn't a type.
    required LevelSystem levelSystem,
             ^^^^^^^^^^^
lib/managers/production_manager.dart:128:9: Error: 
The getter 'missionSystem' isn't defined for the 
class 'ProductionManager'.
 - 'ProductionManager' is from 
'package:paperclip2/managers/production_manager.dart' 
('lib/managers/production_manager.dart').
Try correcting the name to the name of an existing 
getter, or defining a getter or field named 
'missionSystem'.
        missionSystem.updateMissions(
        ^^^^^^^^^^^^^
lib/constants/game_config.dart:111:23: Error: 
'METAL_EFFICIENCY_INCREMENT' is already declared in 
this scope.
  static const double METAL_EFFICIENCY_INCREMENT = 
0.05; // Incr´┐¢ment d'efficacit´┐¢ pour le m´┐¢tal
                      ^^^^^^^^^^^^^^^^^^^^^^^^^^
lib/constants/game_config.dart:74:23: Context: 
Previous declaration of 'METAL_EFFICIENCY_INCREMENT'.
  static const double METAL_EFFICIENCY_INCREMENT = 
0.1;
                      ^^^^^^^^^^^^^^^^^^^^^^^^^^
lib/constants/game_config.dart:112:23: Error: 
'METAL_EFFICIENCY_BASE' is already declared in this 
scope.
  static const double METAL_EFFICIENCY_BASE = 1.0; // 
Efficacit´┐¢ de base pour le m´┐¢tal
                      ^^^^^^^^^^^^^^^^^^^^^
lib/constants/game_config.dart:73:23: Context: 
Previous declaration of 'METAL_EFFICIENCY_BASE'.
  static const double METAL_EFFICIENCY_BASE = 1.0;
                      ^^^^^^^^^^^^^^^^^^^^^
Target kernel_snapshot_program failed: Exception


FAILURE: Build failed with an exception.

* What went wrong:
Execution failed for task 
':app:compileFlutterBuildDebug'.
> Process 'command 'C:\Users\vcout\Flutter\flutter_win
dows_3.27.2-stable\flutter\bin\flutter.bat'' finished 
with non-zero exit value 1

* Try:
> Run with --stacktrace option to get the stack trace.
> Run with --info or --debug option to get more log 
output.
> Run with --scan to get full insights.
> Get more help at https://help.gradle.org.

BUILD FAILED in 7s
Running Gradle task 'assembleDebug'...                              8,4s
Gradle task assembleDebug failed with exit code 1
